?p=/a&z=1&dpr=1.25&top=1&ae=BODY
?p=/attack&z=1&dpr=1.25&top=1&ae=BODY
?p=/attack-frame&z=1&dpr=1.25&top=0&ae=BODY
?p=/a&z=1&dpr=1.25&top=1&ae=BODY
?p=/attack&z=1&dpr=1.25&top=1&ae=BODY
?p=/attack-frame&z=1&dpr=1.25&top=0&ae=BODY
?p=/a&z=1&dpr=1.25&top=1&ae=BODY
?p=/attack&z=1&dpr=1.25&top=1&ae=BODY
?p=/attack-frame&z=1&dpr=1.25&top=0&ae=BODY
?p=/a&z=1&dpr=1.25&top=1&ae=BODY
?p=/attack&z=1&dpr=1.25&top=1&ae=BODY
?p=/attack-frame&z=1&dpr=1.25&top=0&ae=BODY
?p=/a&z=1&dpr=1.25&top=1&ae=BODY
?p=/attack&z=1&dpr=1.25&top=1&ae=BODY
?p=/attack-frame&z=1&dpr=1.25&top=0&ae=BODY
?p=/a&z=1&dpr=1.25&top=1&ae=BODY
?p=/attack&z=1&dpr=1.25&top=1&ae=BODY
?p=/attack-frame&z=1&dpr=1.25&top=0&ae=BODY
?p=/a&z=1&dpr=1.25&top=1&ae=BODY
?p=/attack&z=1&dpr=1.25&top=1&ae=BODY
?p=/attack-frame&z=1&dpr=1.25&top=0&ae=BODY
?p=/a&z=1&dpr=1.25&top=1&ae=BODY
?p=/attack&z=1&dpr=1.25&top=1&ae=BODY
?p=/attack-frame&z=1&dpr=1.25&top=0&ae=BODY
?p=/a&z=1&dpr=1.25&top=1&ae=BODY
?p=/attack&z=1&dpr=1.25&top=1&ae=BODY
?p=/attack-frame&z=1&dpr=1.25&top=0&ae=BODY
?p=/a&z=1&dpr=1.25&top=1&ae=BODY
?p=/attack&z=1&dpr=1.25&top=1&ae=BODY
?p=/attack-frame&z=1&dpr=1.25&top=0&ae=BODY
?p=/a&z=1&dpr=1.25&top=1&ae=BODY
?p=/attack&z=1&dpr=1.25&top=1&ae=BODY
?p=/attack-frame&z=1&dpr=1.25&top=0&ae=BODY
?p=/a&z=1&dpr=1.25&top=1&ae=BODY
?p=/attack&z=1&dpr=1.25&top=1&ae=BODY
?p=/attack-frame&z=1&dpr=1.25&top=0&ae=BODY
?p=/a&z=1&dpr=1.25&top=1&ae=BODY
?p=/attack&z=1&dpr=1.25&top=1&ae=BODY
?p=/attack-frame&z=1&dpr=1.25&top=0&ae=BODY
?p=/a&z=1&dpr=1.25&top=1&ae=BODY
?p=/attack&z=1&dpr=1.25&top=1&ae=BODY
?p=/attack-frame&z=1&dpr=1.25&top=0&ae=BODY
?p=/a&z=1&dpr=1.25&top=1&ae=BODY
?p=/attack&z=1&dpr=1.25&top=1&ae=BODY
?p=/attack-frame&z=1&dpr=1.25&top=0&ae=BODY
?p=/a&z=1&dpr=1.25&top=1&ae=BODY
?p=/attack&z=1&dpr=1.25&top=1&ae=BODY
?p=/attack-frame&z=1&dpr=1.25&top=0&ae=BODY
?p=/a&z=1&dpr=1.25&top=1&ae=BODY
?p=/attack&z=1&dpr=1.25&top=1&ae=BODY
?p=/attack-frame&z=1&dpr=1.25&top=0&ae=BODY
?p=/attack&z=1&dpr=1.25&top=1&ae=BODY
?p=/attack-frame&z=1&dpr=1.25&top=0&ae=BODY
?p=/attack&fired=1
?p=/attack&z=1&dpr=1.25&top=1&ae=BODY
?p=/attack-frame&fired=1
?p=/attack-frame&z=1&dpr=1.25&top=0&ae=BODY
?p=/attack&z=1&dpr=1.25&top=1&ae=BODY
?p=/attack-frame&z=1&dpr=1.25&top=0&ae=BODY
?p=/attack&z=1&dpr=1.25&top=1&ae=BODY
?p=/attack-frame&z=1&dpr=1.25&top=0&ae=BODY
?p=/attack&z=1&dpr=1.25&top=1&ae=BODY
?p=/attack-frame&z=1&dpr=1.25&top=0&ae=BODY
?p=/attack&z=1&dpr=1.25&top=1&ae=BODY
?p=/attack-frame&z=1&dpr=1.25&top=0&ae=BODY
?p=/attack&z=1&dpr=1.25&top=1&ae=BODY
?p=/attack-frame&z=1&dpr=1.25&top=0&ae=BODY
?p=/attack&z=1&dpr=1.25&top=1&ae=BODY
?p=/attack-frame&z=1&dpr=1.25&top=0&ae=BODY
